<?xml version="1.0" encoding="utf-8" ?>
<result>
	<row>
		<label>6</label>
		<nb_uniq_visitors>5</nb_uniq_visitors>
		<nb_visits>5</nb_visits>
		<nb_actions>5</nb_actions>
		<nb_users>0</nb_users>
		<max_actions>1</max_actions>
		<sum_visit_length>0</sum_visit_length>
		<bounce_count>5</bounce_count>
		<nb_visits_converted>0</nb_visits_converted>
		<segment>IPVersion==6</segment>
	</row>
	<row>
		<label>4</label>
		<nb_uniq_visitors>1</nb_uniq_visitors>
		<nb_visits>1</nb_visits>
		<nb_actions>1</nb_actions>
		<nb_users>0</nb_users>
		<max_actions>1</max_actions>
		<sum_visit_length>0</sum_visit_length>
		<bounce_count>1</bounce_count>
		<nb_visits_converted>0</nb_visits_converted>
		<segment>IPVersion==4</segment>
	</row>
</result>
